exports[`test Button from dist file renders correctly 1`] = `
<button
  className="lui-button">
  Text
</button>
`;

exports[`test Input from dist file renders correctly 1`] = `
<input
  className="lui-input"
  value="Value" />
`;
